---
source: src/elements/min_first_height.rs
expression: output
---
ElementTestOutput {
    size: ElementSize {
        width: None,
        height: None,
    },
    breakable: Some(
        ElementTestOutputBreakable {
            break_count: 0,
            extra_location_min_height: None,
            first_location_usage: NoneHeight,
        },
    ),
}
