---
source: src/elements/center_in_preferred_height.rs
expression: output
---
ElementTestOutput {
    size: ElementSize {
        width: Some(
            12.0,
        ),
        height: Some(
            25.0,
        ),
    },
    breakable: Some(
        ElementTestOutputBreakable {
            break_count: 1,
            extra_location_min_height: None,
            first_location_usage: WillSkip,
        },
    ),
}
